[www.marlonmarquis.com.br/fabrica-de-viradas.html]
[backblue.gif]
[fade.gif]
[index.html]
[cdn.greatsoftwares.com.br/arquivos/paginas/4610-834b5a20dfc4047fd93721421d725ede.jpg]
[cdn.greatsoftwares.com.br/arquivos/paginas/4610-b25e260339cd231bda3ee0802b926ac1.jpg]
[cdn.greatsoftwares.com.br/arquivos/paginas_editor/4610-bec703a185980ef26b857f82a45e260b.png]
[www.marlonmarquis.com.br/index.html]
[cdn.greatpages.com.br/www.marlonmarquis.com.br-fabrica-de-viradas/1723060372/css.css]
[www.marlonmarquis.com.br/fabrica-de-viradas.html]
[cdn.greatpages.com.br/www.marlonmarquis.com.br-fabrica-de-viradas/1723060372/js.js]
[cdn.greatsoftwares.com.br/arquivos/paginas_editor/4610-a0963641c4589d90f1a1123c8787c753.png]
[cdn.greatsoftwares.com.br/arquivos/paginas_editor/4610-563cc1161662d48df446c6bdbc3da42a.png]
[cdn.greatsoftwares.com.br/arquivos/paginas_editor/4610-17bdb646a77b77ed9abd78f2d2f7c116.jpg]
[cdn.greatsoftwares.com.br/arquivos/paginas_editor/4610-7e91a1d2da94c01b88230a631379b2f3.jpg]
[cdn.greatsoftwares.com.br/arquivos/paginas_editor/4610-d6df2beca8b6c45f98e2a0da1f3a557d.jpg]
[cdn.greatsoftwares.com.br/arquivos/paginas_editor/4610-ddfcfb822cce08e5741d7d75b610083e.jpg]
[cdn.greatsoftwares.com.br/arquivos/paginas_editor/4610-b1ea1106e11f09a8d1523b139a29b498.png]
[cdn.greatsoftwares.com.br/arquivos/paginas_editor/4610-16d58b4e3c6d317460084c3c6e25aa53.jpg]
[cdn.greatpages.com.br/www.marlonmarquis.com.br/1724344597/css.css]
[www.marlonmarquis.com.br/index.html]
[cdn.greatpages.com.br/www.marlonmarquis.com.br-fabrica-de-viradas/1723060372/css.css]
[cdn.greatpages.com.br/www.marlonmarquis.com.br/1724344597/js.js]
[cdn.greatpages.com.br/www.marlonmarquis.com.br/1724344597/css.css]
